n=16384 d=128 L=4 params=6,299,648 T=154 B=16 budget=21600s
step    50 loss 3.0425 elapsed    235s
step   100 loss 2.6279 elapsed    508s
step   150 loss 2.2825 elapsed    747s
step   200 loss 1.2092 elapsed   1024s
step   250 loss 0.8406 elapsed   1262s
step   300 loss 0.7897 elapsed   1530s
step   350 loss 0.7231 elapsed   1818s
step   400 loss 0.6600 elapsed   2211s
step   450 loss 0.5702 elapsed   2471s
step   500 loss 0.4711 elapsed   2711s
step   550 loss 0.4143 elapsed   2943s
step   600 loss 0.3129 elapsed   3176s
step   650 loss 0.2260 elapsed   3423s
step   700 loss 0.2091 elapsed   3670s
step   750 loss 0.1932 elapsed   3917s
step   800 loss 0.1927 elapsed   6092s
step   850 loss 0.1912 elapsed   6316s
step   900 loss 0.1825 elapsed   6560s
step   950 loss 0.1827 elapsed   6852s
step  1000 loss 0.1874 elapsed   7241s
step  1050 loss 0.1839 elapsed   7550s
step  1100 loss 0.1845 elapsed   7858s
step  1150 loss 0.1880 elapsed   8109s
step  1200 loss 0.1908 elapsed   8472s
step  1250 loss 0.1831 elapsed   8758s
step  1300 loss 0.1906 elapsed   9097s
step  1350 loss 0.1815 elapsed   9357s
step  1400 loss 0.1764 elapsed   9613s
step  1450 loss 0.1820 elapsed   9872s
step  1500 loss 0.1805 elapsed  10151s
step  1550 loss 0.1773 elapsed  10434s
step  1600 loss 0.1776 elapsed  10699s
step  1650 loss 0.1750 elapsed  10947s
step  1700 loss 0.1754 elapsed  11305s
step  1750 loss 0.1772 elapsed  11618s
step  1800 loss 0.1744 elapsed  11941s
step  1850 loss 0.1771 elapsed  12210s
step  1900 loss 0.1806 elapsed  12590s
step  1950 loss 0.1738 elapsed  12955s
step  2000 loss 0.1808 elapsed  13570s
step  2050 loss 0.1755 elapsed  14265s
step  2100 loss 0.1733 elapsed  15042s
step  2150 loss 0.1743 elapsed  15562s
step  2200 loss 0.1763 elapsed  16263s
step  2250 loss 0.1730 elapsed  17136s
step  2300 loss 0.1720 elapsed  21385s
TRAINED n=16384 steps=2309 final_loss=0.1720
PRECONDITION first_exposure_loss=2.8807 repetition_loss=0.0022 TASK_LEARNED=True
  layer 0 xy: MEM 0.2615 REP 0.3051 ratio 0.86
  layer 1 xy: MEM 0.0959 REP 0.0718 ratio 1.34
  layer 2 xy: MEM 0.0824 REP 0.0439 ratio 1.88
  layer 3 xy: MEM 0.0703 REP 0.0631 ratio 1.11
WROTE scaling_results.csv
